📁 Found 17 memory file(s)

📄 Syncing memory/2026-04-07.md...
  → 2 chunk(s)

📄 Syncing memory/2026-04-08-1110.md...
  → 1 chunk(s)

📄 Syncing memory/2026-04-08-saba-create-yourself.md...
  → 1 chunk(s)

📄 Syncing memory/2026-04-08-saba-greeting.md...
  → 10 chunk(s)

📄 Syncing memory/2026-04-08.md...
  → 9 chunk(s)

📄 Syncing memory/2026-04-10.md...
  → 3 chunk(s)

📄 Syncing memory/2026-04-12-1720.md...
  → 1 chunk(s)

📄 Syncing memory/2026-04-12-message-bulk-digest.md...
  ⚠️  Too many chunks (8544), truncating to 100
  → 100 chunk(s)

📄 Syncing memory/2026-04-12.md...
  → 7 chunk(s)

📄 Syncing memory/2026-05-03.md...
  → 1 chunk(s)

📄 Syncing memory/2026-05-08.md...
  → 3 chunk(s)

📄 Syncing memory/2026-05-09.md...
  → 3 chunk(s)

📄 Syncing memory/2026-05-10.md...
  → 5 chunk(s)

📄 Syncing memory/2026-05-11.md...
  → 12 chunk(s)

📄 Syncing memory/2026-05-13.md...
  → 3 chunk(s)

📄 Syncing memory/2026-05-20.md...
  → 4 chunk(s)

📄 Syncing memory/2026-05-30.md...
  → 1 chunk(s)

✅ Sync complete: 166 stored, 0 failed
